Fail: Error -- línea 5: No se permite la repetición de nombre de función en un mismo batch
