Fail: Error -- lÃ­nea 4: Los argumentos deberÃ­an ser: int->int
y se recibio: int->int->int
