Fail: Error -- l√≠nea 3: Tipo inexistente (noexisto)
