Fail: Error -- lÃ­nea 2: Tipo inexistente (tipoinexistente)
