Fail: Error -- lÃ­nea 3: Tipo inexistente (asdf)

