Fail: Error -- l√≠nea 8: Las cotas del for deben ser de tipo int

