Fail: Error -- l√≠nea 4: El tipo T no esta declarado.

