bien!
yes!!
root
 left
  .
  .
 right
  .
  .
Return code: 0
