bien!
;;--FRAME--L0:
LABEL: L3
OPER: movq $L1, %'d0 D:[T3] S:[]
MOVE: movq %'s0, %'d0 D:T0 S:T3
OPER: movq $1234, %'d0 D:[T4] S:[]
MOVE: movq %'s0, %'d0 D:T1 S:T4
MOVE: movq %'s0, %'d0 D:T5 S:T1
OPER: addq %'d0, $8 D:[T5] S:[T5]
MOVE: movq %'s0, %'d0 D:T2 S:T5
MOVE: movq %'s0, %'d0 D:T6 S:T2
OPER: subq %'d0, $1 D:[T6] S:[T6]
MOVE: movq %'s0, %'d0 D:rax S:T6
OPER: jmp 'j0 D:[] S:[] J:[L2]
LABEL: L2
OPER:  D:[] S:[rax,rsp,rbp,rbx,r12,r13,r14,r15]
;;-END-FRAME-:
;;--FLOW--L0:
def:
	n0: 
	n1: T3
	n2: T0
	n3: T4
	n4: T1
	n5: T5
	n6: T5
	n7: T2
	n8: T6
	n9: T6
	n10: rax
	n11: 
	n12: 
	n13: 
use:
	n0: 
	n1: 
	n2: T3
	n3: 
	n4: T4
	n5: T1
	n6: T5
	n7: T5
	n8: T2
	n9: T6
	n10: T6
	n11: 
	n12: 
	n13: rax, rsp, rbp, rbx, r12, r13, r14, r15
ismove:
	n0: false
	n1: false
	n2: true
	n3: false
	n4: true
	n5: true
	n6: false
	n7: true
	n8: true
	n9: false
	n10: true
	n11: false
	n12: false
	n13: false
succesors:
	n0(LABEL: L3): n1
	n1(OPER: movq $L1, %'d0 D:[T3] S:[]): n2
	n2(MOVE: movq %'s0, %'d0 D:T0 S:T3): n3
	n3(OPER: movq $1234, %'d0 D:[T4] S:[]): n4
	n4(MOVE: movq %'s0, %'d0 D:T1 S:T4): n5
	n5(MOVE: movq %'s0, %'d0 D:T5 S:T1): n6
	n6(OPER: addq %'d0, $8 D:[T5] S:[T5]): n7
	n7(MOVE: movq %'s0, %'d0 D:T2 S:T5): n8
	n8(MOVE: movq %'s0, %'d0 D:T6 S:T2): n9
	n9(OPER: subq %'d0, $1 D:[T6] S:[T6]): n10
	n10(MOVE: movq %'s0, %'d0 D:rax S:T6): n11
	n11(OPER: jmp 'j0 D:[] S:[] J:[L2]): n12
	n12(LABEL: L2): n13
	n13(OPER:  D:[] S:[rax,rsp,rbp,rbx,r12,r13,r14,r15]): 
;;-END-FLOW-:
yes!!
