bien!
/usr/bin/ld: /tmp/cckYuDud.o: in function `L2':
(.text+0x1a): undefined reference to `afora'
collect2: error: ld returned 1 exit status
Fail: Error al ejecutar gcc
