Fail: Error -- l√≠nea 3: Funcion inexistente (randomfunction)
