Fail: Error -- l√≠nea dec_test_cycle2:2: Ciclo en los imports

