LetExp{decs=[VarDec{name=s,escape=false,typ=NONE,init="asd"}
             VarDec{name=x,escape=false,typ=NONE,init="asd"}],
 body=OpExp{left=VarExp(SimpleVar(x)),oper=EqOp,right=VarExp(SimpleVar(s))}}
bien!
L1:	.long 3
	.ascii "asd"
L2:	.long 3
	.ascii "asd"
;;-PROC-L0--:
MOVE(
 TEMP rax,
 ESEQ(
  SEQ(
   MOVE(
    TEMP T0,
    NAME L1),
   MOVE(
    TEMP T1,
    NAME L2)),
  ESEQ(
   SEQ(
    MOVE(
     TEMP T3,
     CONST 1),
    SEQ(
     CJUMP(EQ,
      ESEQ(
       SEQ(
        EXP(
         CALL(
          NAME _stringCompare,
           TEMP T1,
           TEMP T0)),
        MOVE(
         TEMP T2,
         TEMP rax)),
       TEMP T2),
      CONST 0,
      L3,L4),
     SEQ(
      LABEL L4,
      SEQ(
       MOVE(
        TEMP T3,
        CONST 0),
       LABEL L3)))),
   TEMP T3)))
;;-END-PROC--:
yes!!
