LetExp{decs=[VarDec{name=x,escape=false,typ=NONE,init=5}],
 body=IfExp{test=VarExp(SimpleVar(x)),then'=4,else'=2}}
bien!
L0:
EXP(
 ESEQ(
  MOVE(
   TEMP T0,
   CONST 5),
  ESEQ(
   SEQ(
    CJUMP(NE,
     TEMP T0,
     CONST 0,
     L1,L2),
    SEQ(
     LABEL L1,
     SEQ(
      MOVE(
       TEMP T1,
       CONST 4),
      SEQ(
       JUMP(        NAME L3),
       SEQ(
        LABEL L2,
        SEQ(
         MOVE(
          TEMP T1,
          CONST 2),
         LABEL L3)))))),
   TEMP T1)))
;;-END-PROC--:
yes!!
