LetExp{decs=[VarDec{name=x,escape=false,typ=NONE,init=5}],
 body=SeqExp([IfExp{test=VarExp(SimpleVar(x)),then'=UnitExp,else'=UnitExp}0])}
bien!
;;-PROC-L0--:
MOVE(
 TEMP rax,
 ESEQ(
  MOVE(
   TEMP T0,
   CONST 5),
  ESEQ(
   SEQ(
    CJUMP(NE,
     TEMP T0,
     CONST 0,
     L1,L2),
    SEQ(
     LABEL L1,
     SEQ(
      EXP(
       CONST 0),
      SEQ(
       JUMP(        NAME L3),
       SEQ(
        LABEL L2,
        SEQ(
         EXP(
          CONST 0),
         LABEL L3)))))),
   CONST 0)))
;;-END-PROC--:
yes!!
