LetExp{decs=[FunctionDec([{name=f,params=[],result=intbody=0}])],
 body=CallExp{func=f,args=[]}}
bien!
L1:
MOVE(
 TEMP eax,
 CONST 0)
;;-END-PROC--:
L0:
MOVE(
 TEMP eax,
 ESEQ(
  SEQ(
   MOVE(
    TEMP T0,
    TEMP ebp),
   SEQ(
    EXP(
     CALL(
      NAME L1,
       TEMP T0)),
    MOVE(
     TEMP T1,
     TEMP eax))),
  TEMP T1))
;;-END-PROC--:
------Canon------
;;-END-PROC--:
L0:
;;-END-PROC--:
L1:
;;--END-STRS--:
--FRAME L0:
LABEL L5
MOVE(
 TEMP T0,
 TEMP ebp)
EXP(
 CALL(
  NAME L1,
   TEMP T0))
MOVE(
 TEMP T1,
 TEMP eax)
MOVE(
 TEMP eax,
 TEMP T1)
JUMP( NAME L4)
LABEL L4
;;-END-FRAME-:
--FRAME L1:
LABEL L3
MOVE(
 TEMP eax,
 CONST 0)
JUMP( NAME L2)
LABEL L2
;;-END-FRAME-:
yes!!
