Fail: Error -- l√≠nea 3: Tipo inexistente (rectype)
