Fail: Error -- línea 4: El tipo de retorno de la funcion y el de su definición no coinciden
