Fail: Error -- línea 7: No se permite la repetición de nombre de función en un mismo batch
