Fail: Error -- l√≠nea 4: Los tipos de la declaracion no coinciden
