Fail: Error -- l√≠nea 4: Hay un ciclo en la declaracion de tipos
