Fail: Error -- línea 7: Error de tipos en asignación
