Fail: Error -- l√≠nea 4: Las cotas del for deben ser de tipo int
