Fail: Error -- lÃ­nea 6: No es una variable de tipo array, no se puede indexar

