Fail: Error -- lÃ­nea 5: Los argumentos deberÃ­an ser: int->string
y se recibio: int->string->int

