Fail: Error -- lÃ­nea 4: Tipo inexistente (treelist)

