Fail: Error -- l√≠nea 8: nam no es un campo del record

