Fail: Error -- l√≠nea 6: El tipo a ya fue definido en el batch

