bien!
;;--FRAME--L0:
LABEL: L2
OPER: movq $51, %'d0 D:[T2] S:[]
OPER: pushq 's0 D:[] S:[T2]
OPER: movq $100, %'d0 D:[T3] S:[]
OPER: pushq 's0 D:[] S:[T3]
OPER: call _initArray D:[rax,rdx,rcx,r10,r11,rdi,rsi,rdx,rcx,r8,r9,rax] S:[]
OPER: addq $16, %'d0 D:[rsp] S:[rsp]
MOVE: movq %'s0, %'d0 D:T0 S:rax
MOVE: movq %'s0, %'d0 D:T1 S:T0
OPER: movq $15, %'d0 D:[T4] S:[]
MOVE: movq %'s0, %'d0 D:rax S:T4
OPER: jmp 'j0 D:[] S:[] J:[L1]
LABEL: L1
OPER:  D:[] S:[rax,rsp,rbp,rbx,r12,r13,r14,r15]
;;-END-FRAME-:
yes!!
