bien!
;;--FRAME--L0:
LABEL: L2
OPER: mov $3, %'d0 D:[T2] S:[]
OPER: mov $5, %'d0 D:[T3] S:[]
OPER: sub %'s1, %'d0 D:[T2] S:[T2,T3]
OPER: mov $2, %'d0 D:[T5] S:[]
MOVE: mov %'s0, %'d0 D:T4 S:T5
OPER: add %'d0, $8 D:[T4] S:[T4]
OPER: imul %'d0, %'s0, %'s1 D:[T1] S:[T2,T4]
OPER: xor %'s0, %'d0 D:[edx] S:[edx]
OPER: mov %'s0, %'d0 D:[eax] S:[T1]
OPER: idiv $10 D:[eax,edx] S:[eax,edx]
MOVE: mov %'s0, %'d0 D:T0 S:eax
MOVE: mov %'s0, %'d0 D:eax S:T0
OPER: jmp 'j0 D:[] S:[] J:[L1]
LABEL: L1
OPER:  D:[] S:[eax,esp,ebp,ebx,edi,esi]
;;-END-FRAME-:
yes!!
