bien!
yes!!
En f con m = 5
En g con n = 5
En h con p = 6
En g con n = 4
En h con p = 5
Return code: 5
